// Jest Snapshot v1, https://goo.gl/fbAQLP

exports[`eof.js 1`] = `"let x = 1"`;
