// Jest Snapshot v1, https://goo.gl/fbAQLP

exports[`directive.js 1`] = `
";;Js.log \\"native backend\\"
;;Js.log \\"native backend\\"
;;Js.log \\"== native\\"
;;Js.log \\"byte backend\\"
;;Js.log \\"byte backend\\"
;;Js.log \\"it is native backend\\""
`;
