// Jest Snapshot v1, https://goo.gl/fbAQLP

exports[`external.js 1`] = `"external foo : t = \\"foo\\" \\"bar\\" \\"baz\\""`;
