// Jest Snapshot v1, https://goo.gl/fbAQLP

exports[`arrow.js 1`] = `
"=====Parsetree==========================================
external add_nat : nat -> int = \\"add_nat_bytecode\\" \\"add_nat_native\\"
=====Errors=============================================

File \\"/napkinscript/tests/parsing/errors/typexpr/arrow.js\\", line 2, characters 21-24:


1 â”‚  // notice usage of -> instead of =>
[31m2[0m â”‚  external add_nat: nat -> int = \\"add_nat_bytecode\\" \\"add_nat_native\\"          
                           [31m^^[0m

Did you forget a \`=>\` here? 



========================================================"
`;

exports[`bsObjSugar.js 1`] = `
"=====Parsetree==========================================
type nonrec state =
  < url: [%napkinscript.typehole ]  ;protocols: string array   >  Js.t
type nonrec state =
  < url: [%napkinscript.typehole ] [@attr ] ;protocols: string array   > 
    Js.t
type nonrec state =
  <
    url: string  ;protocols: [%napkinscript.typehole ]  ;websocket: Websocket.t
                                                             > 
    Js.t
type nonrec state =
  < url: string  ;protocols: [%napkinscript.typehole ]   >  Js.t
type nonrec state =
  < send: string -> [%napkinscript.typehole ] [@bs.meth ]  >  Js.t
type nonrec state = < age: [%napkinscript.typehole ]  ;name: string   >  Js.t
type nonrec state =
  < age: [%napkinscript.typehole ] [@bs.set ] ;name: string   >  Js.t
type nonrec state = < age: [%napkinscript.typehole ]   ;.. >  Js.t
type nonrec state =
  < age: [%napkinscript.typehole ]  ;name: string   ;.. >  Js.t
type nonrec websocket =
  < id: [%napkinscript.typehole ]  ;channel: channelTyp   >  Js.t
type nonrec websocket = < id: [%napkinscript.typehole ]   >  Js.t
=====Errors=============================================

File \\"/napkinscript/tests/parsing/errors/typexpr/bsObjSugar.js\\", line 2, characters 7-21:


1 â”‚  type state = {
[31m2[0m â”‚    \\"url\\"          
             [31m^[0m
3 â”‚    \\"protocols\\": array<string>
4 â”‚  }

Did you forget a \`:\` here? It signals the start of a type


File \\"/napkinscript/tests/parsing/errors/typexpr/bsObjSugar.js\\", line 2, characters 7-21:


1 â”‚  type state = {
[31m2[0m â”‚    \\"url\\"
3 â”‚    \\"protocols\\": array<string>
4 â”‚  }

I'm missing a type here


File \\"/napkinscript/tests/parsing/errors/typexpr/bsObjSugar.js\\", line 2, characters 7-21:


1 â”‚  type state = {
[31m2[0m â”‚    \\"url\\"          
             [31m^[0m
3 â”‚    \\"protocols\\": array<string>
4 â”‚  }

Did you forget a \`,\` here? 


File \\"/napkinscript/tests/parsing/errors/typexpr/bsObjSugar.js\\", line 7, characters 13-27:


5 â”‚  
6 â”‚  type state = {
[31m7[0m â”‚    @attr \\"url\\"          
                   [31m^[0m
8 â”‚    \\"protocols\\": array<string>
9 â”‚  }

Did you forget a \`:\` here? It signals the start of a type


File \\"/napkinscript/tests/parsing/errors/typexpr/bsObjSugar.js\\", line 7, characters 13-27:


5 â”‚  
6 â”‚  type state = {
[31m7[0m â”‚    @attr \\"url\\"
8 â”‚    \\"protocols\\": array<string>
9 â”‚  }

I'm missing a type here


File \\"/napkinscript/tests/parsing/errors/typexpr/bsObjSugar.js\\", line 7, characters 13-27:


5 â”‚  
6 â”‚  type state = {
[31m7[0m â”‚    @attr \\"url\\"          
                   [31m^[0m
8 â”‚    \\"protocols\\": array<string>
9 â”‚  }

Did you forget a \`,\` here? 


File \\"/napkinscript/tests/parsing/errors/typexpr/bsObjSugar.js\\", line 13, characters 13-27:


11 â”‚  type state = {
12 â”‚    \\"url\\": string,
[31m13[0m â”‚    \\"protocols\\"          
                   [31m^[0m
14 â”‚    \\"websocket\\": Websocket.t,
15 â”‚  }

Did you forget a \`:\` here? It signals the start of a type


File \\"/napkinscript/tests/parsing/errors/typexpr/bsObjSugar.js\\", line 13, characters 13-27:


11 â”‚  type state = {
12 â”‚    \\"url\\": string,
[31m13[0m â”‚    \\"protocols\\"
14 â”‚    \\"websocket\\": Websocket.t,
15 â”‚  }

I'm missing a type here


File \\"/napkinscript/tests/parsing/errors/typexpr/bsObjSugar.js\\", line 13, characters 13-27:


11 â”‚  type state = {
12 â”‚    \\"url\\": string,
[31m13[0m â”‚    \\"protocols\\"          
                   [31m^[0m
14 â”‚    \\"websocket\\": Websocket.t,
15 â”‚  }

Did you forget a \`,\` here? 


File \\"/napkinscript/tests/parsing/errors/typexpr/bsObjSugar.js\\", line 19, characters 13-15:


17 â”‚  type state = {
18 â”‚    \\"url\\": string,
[31m19[0m â”‚    \\"protocols\\"          
                   [31m^[0m
20 â”‚  }
21 â”‚  

Did you forget a \`:\` here? It signals the start of a type


File \\"/napkinscript/tests/parsing/errors/typexpr/bsObjSugar.js\\", line 19, characters 13-15:


17 â”‚  type state = {
18 â”‚    \\"url\\": string,
[31m19[0m â”‚    \\"protocols\\"
20 â”‚  }
21 â”‚  

I'm missing a type here


File \\"/napkinscript/tests/parsing/errors/typexpr/bsObjSugar.js\\", line 24, characters 19-21:


22 â”‚  type state = {
23 â”‚    @bs.meth
[31m24[0m â”‚    \\"send\\": string =>
25 â”‚  }
26 â”‚  

I'm missing a type here


File \\"/napkinscript/tests/parsing/errors/typexpr/bsObjSugar.js\\", line 28, characters 8-10:


26 â”‚  
27 â”‚  type state = {
[31m28[0m â”‚    \\"age\\":[31m ,[0m
29 â”‚    \\"name\\": string
30 â”‚  }

I'm missing a type here


File \\"/napkinscript/tests/parsing/errors/typexpr/bsObjSugar.js\\", line 34, characters 16-18:


32 â”‚  
33 â”‚  type state = {
[31m34[0m â”‚    @bs.set \\"age\\":[31m ,[0m
35 â”‚    \\"name\\": string
36 â”‚  }

I'm missing a type here


File \\"/napkinscript/tests/parsing/errors/typexpr/bsObjSugar.js\\", line 38, characters 23-25:


36 â”‚  }
37 â”‚  
[31m38[0m â”‚  type state = {.. \\"age\\":[31m }[0m
39 â”‚  type state = {
40 â”‚    ..

I'm missing a type here


File \\"/napkinscript/tests/parsing/errors/typexpr/bsObjSugar.js\\", line 41, characters 7-17:


39 â”‚  type state = {
40 â”‚    ..
[31m41[0m â”‚    \\"age\\"           
             [31m^[0m
42 â”‚    \\"name\\": string
43 â”‚  }

Did you forget a \`:\` here? It signals the start of a type


File \\"/napkinscript/tests/parsing/errors/typexpr/bsObjSugar.js\\", line 41, characters 7-17:


39 â”‚  type state = {
40 â”‚    ..
[31m41[0m â”‚    \\"age\\"[31m[0m 
42 â”‚    \\"name\\": string
43 â”‚  }

I'm missing a type here


File \\"/napkinscript/tests/parsing/errors/typexpr/bsObjSugar.js\\", line 41, characters 7-17:


39 â”‚  type state = {
40 â”‚    ..
[31m41[0m â”‚    \\"age\\"           
             [31m^[0m
42 â”‚    \\"name\\": string
43 â”‚  }

Did you forget a \`,\` here? 


File \\"/napkinscript/tests/parsing/errors/typexpr/bsObjSugar.js\\", line 46, characters 7-19:


44 â”‚  
45 â”‚  type websocket = {
[31m46[0m â”‚    \\"id\\":
47 â”‚    \\"channel\\": channelTyp
48 â”‚  }

I'm missing a type here


File \\"/napkinscript/tests/parsing/errors/typexpr/bsObjSugar.js\\", line 46, characters 7-19:


44 â”‚  
45 â”‚  type websocket = {
[31m46[0m â”‚    \\"id\\":          
             [31m^[0m
47 â”‚    \\"channel\\": channelTyp
48 â”‚  }

Did you forget a \`,\` here? 


File \\"/napkinscript/tests/parsing/errors/typexpr/bsObjSugar.js\\", line 51, characters 6-7:


49 â”‚  
50 â”‚  type websocket = {
[31m51[0m â”‚    \\"id\\"          
            [31m^[0m

Did you forget a \`:\` here? It signals the start of a type


File \\"/napkinscript/tests/parsing/errors/typexpr/bsObjSugar.js\\", line 51, characters 6-7:


49 â”‚  
50 â”‚  type websocket = {
[31m51[0m â”‚    \\"id\\"

I'm missing a type here


File \\"/napkinscript/tests/parsing/errors/typexpr/bsObjSugar.js\\", line 51, characters 6-7:


49 â”‚  
50 â”‚  type websocket = {
[31m51[0m â”‚    \\"id\\"          
            [31m^[0m

Did you forget a \`}\` here? 



========================================================"
`;

exports[`typeConstructorArgs.js 1`] = `
"=====Parsetree==========================================
type nonrec 'a node = {
  _value: 'a Js.Nullable.value }
type nonrec 'a t = 'a Belt.Map.t
type nonrec 'a t = private 'a Belt.Map.t
type nonrec t = int node option
type nonrec t = int node option
=====Errors=============================================

File \\"/napkinscript/tests/parsing/errors/typexpr/typeConstructorArgs.js\\", line 2, characters 27-28:


1 â”‚  type node<'a> = {
[31m2[0m â”‚    _value: Js.Nullable.value[31m([0m'a)
3 â”‚  }
4 â”‚  

Type parameters need to be wrapped in angle brackets, not parentheses, like so: \\"Belt.Map.String.t<int>\\"


File \\"/napkinscript/tests/parsing/errors/typexpr/typeConstructorArgs.js\\", line 5, characters 23-24:


3 â”‚  }
4 â”‚  
[31m5[0m â”‚  type t<'a> = Belt.Map.t[31m([0m'a)
6 â”‚  type t<'a> = private Belt.Map.t('a)
7 â”‚  

Type parameters need to be wrapped in angle brackets, not parentheses, like so: \\"Belt.Map.String.t<int>\\"


File \\"/napkinscript/tests/parsing/errors/typexpr/typeConstructorArgs.js\\", line 6, characters 31-32:


4 â”‚  
5 â”‚  type t<'a> = Belt.Map.t('a)
[31m6[0m â”‚  type t<'a> = private Belt.Map.t[31m([0m'a)
7 â”‚  
8 â”‚  type t = option<<node<int>>

Type parameters need to be wrapped in angle brackets, not parentheses, like so: \\"Belt.Map.String.t<int>\\"


File \\"/napkinscript/tests/parsing/errors/typexpr/typeConstructorArgs.js\\", line 9, characters 15-16:


7 â”‚  
8 â”‚  type t = option<<node<int>>
[31m9[0m â”‚  type t = option[31m([0m<node<int>>)

Type parameters need to be wrapped in angle brackets, not parentheses, like so: \\"Belt.Map.String.t<int>\\"


File \\"/napkinscript/tests/parsing/errors/typexpr/typeConstructorArgs.js\\", line 9, characters 27-28:


7 â”‚  
8 â”‚  type t = option<<node<int>>
[31m9[0m â”‚  type t = option(<node<int>>[31m)[0m

I'm not sure what to parse here when looking at \\")\\".



========================================================"
`;
