// Jest Snapshot v1, https://goo.gl/fbAQLP

exports[`oldDerefOp.js 1`] = `
"=====Parsetree==========================================
let newVelocity = velocity +. (a *. secondPerFrame)
let newX = x +. (newVelocity *. secondPerFrame)
=====Errors=============================================

File \\"/napkinscript/tests/parsing/errors/scanner/oldDerefOp.js\\", line 1, characters 49-50:


[31m1[0m â”‚  let newVelocity = velocity +. a *. secondPerFrame[31m^[0m;
2 â”‚  let newX = x +. newVelocity *. secondPerFrame^;

Hmm, not sure what I should do here with this character.
If you're trying to deref an expression, use \`foo.contents\` instead.


File \\"/napkinscript/tests/parsing/errors/scanner/oldDerefOp.js\\", line 2, characters 45-46:


1 â”‚  let newVelocity = velocity +. a *. secondPerFrame^;
[31m2[0m â”‚  let newX = x +. newVelocity *. secondPerFrame[31m^[0m;

Hmm, not sure what I should do here with this character.
If you're trying to deref an expression, use \`foo.contents\` instead.



========================================================"
`;

exports[`unclosedComment.js 1`] = `
"=====Parsetree==========================================

=====Errors=============================================

File \\"/napkinscript/tests/parsing/errors/scanner/unclosedComment.js\\", line 1, characters 2-18:


[31m1[0m â”‚  /*[31m eo[0mf
2 â”‚   * reached

This comment seems to be missing a closing \`*/\`



========================================================"
`;

exports[`unclosedString.js 1`] = `
"=====Parsetree==========================================
let x = \\"unclosed\\"
let z = \\"eof\\"
=====Errors=============================================

File \\"/napkinscript/tests/parsing/errors/scanner/unclosedString.js\\", line 1, characters 9-17:


[31m1[0m â”‚  let x = \\"[31munclosed[0m
2 â”‚  let z = \\"eof

This string is missing a double quote at the end


File \\"/napkinscript/tests/parsing/errors/scanner/unclosedString.js\\", line 2, characters 9-12:


1 â”‚  let x = \\"unclosed
[31m2[0m â”‚  let z = \\"[31meof[0m

This string is missing a double quote at the end



========================================================"
`;
